\BOOKMARK [1][-]{section.1}{\376\377\000I\000n\000t\000r\000o\000d\000u\000c\000t\000i\000o\000n}{}% 1
\BOOKMARK [2][-]{subsection.1.1}{\376\377\000W\000h\000a\000t\000\040\000t\000h\000e\000\040\000M\000o\000d\000e\000l\000\040\000G\000e\000n\000e\000r\000a\000t\000e\000s\000\040\000\050\000a\000n\000d\000\040\000W\000h\000a\000t\000\040\000I\000t\000\040\000D\000o\000e\000s\000\040\000N\000o\000t\000\051}{section.1}% 2
\BOOKMARK [2][-]{subsection.1.2}{\376\377\000W\000h\000a\000t\000\040\000T\000h\000i\000s\000\040\000P\000a\000p\000e\000r\000\040\000D\000o\000e\000s\000\040\000a\000n\000d\000\040\000D\000o\000e\000s\000\040\000N\000o\000t\000\040\000C\000l\000a\000i\000m}{section.1}% 3
\BOOKMARK [1][-]{section.2}{\376\377\000B\000a\000c\000k\000g\000r\000o\000u\000n\000d}{}% 4
\BOOKMARK [2][-]{subsection.2.1}{\376\377\000T\000h\000e\000\040\000M\000a\000h\000a\000n\000\040\000H\000y\000p\000o\000t\000h\000e\000s\000i\000s\000:\000\040\000D\000e\000c\000i\000s\000i\000v\000e\000\040\000B\000a\000t\000t\000l\000e\000\040\000a\000n\000d\000\040\000S\000e\000a\000\040\000P\000o\000w\000e\000r}{section.2}% 5
\BOOKMARK [2][-]{subsection.2.2}{\376\377\000T\000h\000e\000\040\000A\000t\000t\000r\000i\000t\000i\000o\000n\000\040\000H\000y\000p\000o\000t\000h\000e\000s\000i\000s\000:\000\040\000S\000t\000r\000a\000t\000e\000g\000i\000c\000\040\000E\000x\000h\000a\000u\000s\000t\000i\000o\000n}{section.2}% 6
\BOOKMARK [2][-]{subsection.2.3}{\376\377\000P\000r\000e\000v\000i\000o\000u\000s\000\040\000C\000o\000m\000p\000u\000t\000a\000t\000i\000o\000n\000a\000l\000\040\000A\000p\000p\000r\000o\000a\000c\000h\000e\000s}{section.2}% 7
\BOOKMARK [2][-]{subsection.2.4}{\376\377\000R\000e\000s\000e\000a\000r\000c\000h\000\040\000G\000a\000p\000\040\000a\000n\000d\000\040\000C\000o\000n\000t\000r\000i\000b\000u\000t\000i\000o\000n}{section.2}% 8
\BOOKMARK [1][-]{section.3}{\376\377\000D\000a\000t\000a}{}% 9
\BOOKMARK [2][-]{subsection.3.1}{\376\377\000D\000a\000t\000a\000\040\000S\000o\000u\000r\000c\000e\000s}{section.3}% 10
\BOOKMARK [2][-]{subsection.3.2}{\376\377\000C\000o\000r\000r\000e\000l\000a\000t\000e\000s\000\040\000o\000f\000\040\000W\000a\000r\000\040\000P\000r\000o\000j\000e\000c\000t}{section.3}% 11
\BOOKMARK [2][-]{subsection.3.3}{\376\377\000U\000C\000D\000P\000/\000P\000R\000I\000O\000\040\000A\000r\000m\000e\000d\000\040\000C\000o\000n\000f\000l\000i\000c\000t\000\040\000D\000a\000t\000a\000s\000e\000t}{section.3}% 12
\BOOKMARK [2][-]{subsection.3.4}{\376\377\000S\000I\000P\000R\000I\000\040\000M\000i\000l\000i\000t\000a\000r\000y\000\040\000E\000x\000p\000e\000n\000d\000i\000t\000u\000r\000e\000\040\000D\000a\000t\000a\000b\000a\000s\000e}{section.3}% 13
\BOOKMARK [2][-]{subsection.3.5}{\376\377\000I\000n\000t\000e\000r\000s\000t\000a\000t\000e\000\040\000W\000a\000r\000\040\000B\000a\000t\000t\000l\000e\000\040\000D\000a\000t\000a\000s\000e\000t}{section.3}% 14
\BOOKMARK [2][-]{subsection.3.6}{\376\377\000B\000r\000e\000c\000k\000e\000\040\000C\000o\000n\000f\000l\000i\000c\000t\000\040\000C\000a\000t\000a\000l\000o\000g}{section.3}% 15
\BOOKMARK [2][-]{subsection.3.7}{\376\377\000M\000a\000n\000u\000a\000l\000\040\000C\000a\000s\000e\000\040\000S\000t\000u\000d\000i\000e\000s}{section.3}% 16
\BOOKMARK [2][-]{subsection.3.8}{\376\377\000D\000a\000t\000a\000s\000e\000t\000\040\000I\000n\000t\000e\000g\000r\000a\000t\000i\000o\000n}{section.3}% 17
\BOOKMARK [1][-]{section.4}{\376\377\000M\000e\000t\000h\000o\000d\000s}{}% 18
\BOOKMARK [2][-]{subsection.4.1}{\376\377\000O\000v\000e\000r\000v\000i\000e\000w}{section.4}% 19
\BOOKMARK [2][-]{subsection.4.2}{\376\377\000D\000i\000m\000e\000n\000s\000i\000o\000n\000l\000e\000s\000s\000\040\000N\000o\000r\000m\000a\000l\000i\000z\000e\000d\000\040\000S\000t\000a\000t\000e\000\040\000V\000a\000r\000i\000a\000b\000l\000e\000s}{section.4}% 20
\BOOKMARK [2][-]{subsection.4.3}{\376\377\000D\000e\000c\000i\000s\000i\000v\000e\000\040\000S\000h\000o\000c\000k\000\040\000S\000c\000o\000r\000e\000\040\000\050\000D\000S\000S\000\051}{section.4}% 21
\BOOKMARK [2][-]{subsection.4.4}{\376\377\000S\000t\000r\000a\000t\000e\000g\000i\000c\000\040\000E\000x\000h\000a\000u\000s\000t\000i\000o\000n\000\040\000S\000c\000o\000r\000e\000\040\000\050\000S\000E\000S\000\051}{section.4}% 22
\BOOKMARK [2][-]{subsection.4.5}{\376\377\000H\000y\000b\000r\000i\000d\000\040\000C\000l\000a\000s\000s\000i\000f\000i\000c\000a\000t\000i\000o\000n\000\040\000R\000u\000l\000e}{section.4}% 23
\BOOKMARK [2][-]{subsection.4.6}{\376\377\000W\000a\000r\000\040\000D\000y\000n\000a\000m\000i\000c\000s\000\040\000S\000i\000m\000u\000l\000a\000t\000i\000o\000n\000\040\000M\000o\000d\000e\000l}{section.4}% 24
\BOOKMARK [3][-]{subsubsection.4.6.1}{\376\377\000S\000t\000a\000t\000e\000\040\000V\000a\000r\000i\000a\000b\000l\000e\000s}{subsection.4.6}% 25
\BOOKMARK [3][-]{subsubsection.4.6.2}{\376\377\000A\000t\000t\000r\000i\000t\000i\000o\000n\000\040\000U\000p\000d\000a\000t\000e\000\040\000E\000q\000u\000a\000t\000i\000o\000n\000s}{subsection.4.6}% 26
\BOOKMARK [3][-]{subsubsection.4.6.3}{\376\377\000S\000h\000o\000c\000k\000\040\000E\000v\000e\000n\000t\000s\000\040\000\050\000D\000e\000c\000i\000s\000i\000v\000e\000\040\000S\000h\000o\000c\000k\000\040\000M\000e\000c\000h\000a\000n\000i\000s\000m\000\051}{subsection.4.6}% 27
\BOOKMARK [3][-]{subsubsection.4.6.4}{\376\377\000O\000b\000s\000e\000r\000v\000e\000d\000\040\000v\000e\000r\000s\000u\000s\000\040\000S\000t\000r\000u\000c\000t\000u\000r\000a\000l\000\040\000D\000S\000S\000\040\000P\000r\000o\000x\000y}{subsection.4.6}% 28
\BOOKMARK [3][-]{subsubsection.4.6.5}{\376\377\000D\000e\000r\000i\000v\000e\000d\000\040\000M\000e\000t\000r\000i\000c\000s\000:\000\040\000D\000S\000S\000\040\000a\000n\000d\000\040\000S\000E\000S\000\040\000f\000r\000o\000m\000\040\000S\000i\000m\000u\000l\000a\000t\000i\000o\000n}{subsection.4.6}% 29
\BOOKMARK [3][-]{subsubsection.4.6.6}{\376\377\000T\000e\000r\000m\000i\000n\000a\000t\000i\000o\000n\000\040\000C\000o\000n\000d\000i\000t\000i\000o\000n\000s}{subsection.4.6}% 30
\BOOKMARK [2][-]{subsection.4.7}{\376\377\000S\000t\000o\000c\000h\000a\000s\000t\000i\000c\000\040\000N\000o\000i\000s\000e\000\040\000M\000o\000d\000e\000l}{section.4}% 31
\BOOKMARK [2][-]{subsection.4.8}{\376\377\000T\000e\000r\000m\000i\000n\000a\000t\000i\000o\000n\000\040\000T\000h\000r\000e\000s\000h\000o\000l\000d\000\040\000S\000e\000n\000s\000i\000t\000i\000v\000i\000t\000y}{section.4}% 32
\BOOKMARK [2][-]{subsection.4.9}{\376\377\000S\000t\000a\000t\000i\000s\000t\000i\000c\000a\000l\000\040\000M\000e\000t\000h\000o\000d\000s}{section.4}% 33
\BOOKMARK [3][-]{subsubsection.4.9.1}{\376\377\000L\000o\000g\000i\000s\000t\000i\000c\000\040\000R\000e\000g\000r\000e\000s\000s\000i\000o\000n}{subsection.4.9}% 34
\BOOKMARK [3][-]{subsubsection.4.9.2}{\376\377\000R\000a\000n\000d\000o\000m\000\040\000F\000o\000r\000e\000s\000t\000\040\000C\000l\000a\000s\000s\000i\000f\000i\000c\000a\000t\000i\000o\000n}{subsection.4.9}% 35
\BOOKMARK [3][-]{subsubsection.4.9.3}{\376\377\000A\000b\000l\000a\000t\000i\000o\000n\000\040\000S\000t\000u\000d\000y}{subsection.4.9}% 36
\BOOKMARK [3][-]{subsubsection.4.9.4}{\376\377\000S\000u\000r\000v\000i\000v\000a\000l\000\040\000A\000n\000a\000l\000y\000s\000i\000s}{subsection.4.9}% 37
\BOOKMARK [3][-]{subsubsection.4.9.5}{\376\377\000T\000h\000r\000e\000s\000h\000o\000l\000d\000\040\000S\000e\000n\000s\000i\000t\000i\000v\000i\000t\000y}{subsection.4.9}% 38
\BOOKMARK [2][-]{subsection.4.10}{\376\377\000S\000i\000m\000u\000l\000a\000t\000i\000o\000n\000\040\000V\000a\000l\000i\000d\000i\000t\000y\000\040\000a\000n\000d\000\040\000S\000c\000o\000p\000e}{section.4}% 39
\BOOKMARK [2][-]{subsection.4.11}{\376\377\000H\000i\000s\000t\000o\000r\000i\000c\000a\000l\000\040\000R\000e\000c\000o\000n\000s\000t\000r\000u\000c\000t\000i\000o\000n\000\040\000v\000e\000r\000s\000u\000s\000\040\000B\000l\000i\000n\000d\000\040\000P\000r\000e\000d\000i\000c\000t\000i\000o\000n}{section.4}% 40
\BOOKMARK [2][-]{subsection.4.12}{\376\377\000P\000r\000o\000p\000o\000s\000e\000d\000\040\000I\000n\000d\000e\000p\000e\000n\000d\000e\000n\000t\000\040\000V\000a\000l\000i\000d\000a\000t\000i\000o\000n\000\040\000P\000r\000o\000t\000o\000c\000o\000l}{section.4}% 41
\BOOKMARK [1][-]{section.5}{\376\377\000R\000e\000s\000u\000l\000t\000s}{}% 42
\BOOKMARK [2][-]{subsection.5.1}{\376\377\000T\000e\000r\000m\000i\000n\000a\000t\000i\000o\000n\000\040\000T\000y\000p\000e\000\040\000D\000i\000s\000t\000r\000i\000b\000u\000t\000i\000o\000n}{section.5}% 43
\BOOKMARK [2][-]{subsection.5.2}{\376\377\000D\000S\000S\000\040\000v\000s\000\040\000S\000E\000S\000\040\000S\000c\000a\000t\000t\000e\000r}{section.5}% 44
\BOOKMARK [2][-]{subsection.5.3}{\376\377\000S\000t\000a\000t\000i\000s\000t\000i\000c\000a\000l\000\040\000M\000o\000d\000e\000l\000\040\000C\000o\000m\000p\000a\000r\000i\000s\000o\000n\000:\000\040\000L\000i\000n\000e\000a\000r\000\040\000B\000a\000s\000e\000l\000i\000n\000e\000\040\000v\000s\000.\000\040\000N\000o\000n\000l\000i\000n\000e\000a\000r\000\040\000M\000o\000d\000e\000l}{section.5}% 45
\BOOKMARK [2][-]{subsection.5.4}{\376\377\000F\000e\000a\000t\000u\000r\000e\000\040\000I\000m\000p\000o\000r\000t\000a\000n\000c\000e\000\040\000A\000n\000a\000l\000y\000s\000i\000s}{section.5}% 46
\BOOKMARK [2][-]{subsection.5.5}{\376\377\000S\000u\000r\000v\000i\000v\000a\000l\000\040\000A\000n\000a\000l\000y\000s\000i\000s\000\040\000R\000e\000s\000u\000l\000t\000s}{section.5}% 47
\BOOKMARK [2][-]{subsection.5.6}{\376\377\000M\000e\000c\000h\000a\000n\000i\000s\000m\000\040\000C\000l\000a\000s\000s\000i\000f\000i\000c\000a\000t\000i\000o\000n\000\040\000R\000e\000s\000u\000l\000t\000s}{section.5}% 48
\BOOKMARK [2][-]{subsection.5.7}{\376\377\000O\000u\000t\000c\000o\000m\000e\000\040\000I\000n\000f\000o\000r\000m\000a\000t\000i\000o\000n\000\040\000D\000e\000l\000t\000a}{section.5}% 49
\BOOKMARK [2][-]{subsection.5.8}{\376\377\000P\000a\000r\000a\000m\000e\000t\000e\000r\000\040\000S\000e\000n\000s\000i\000t\000i\000v\000i\000t\000y\000\040\000A\000n\000a\000l\000y\000s\000i\000s}{section.5}% 50
\BOOKMARK [2][-]{subsection.5.9}{\376\377\000C\000l\000a\000s\000s\000i\000f\000i\000c\000a\000t\000i\000o\000n\000\040\000T\000h\000r\000e\000s\000h\000o\000l\000d\000\040\000S\000e\000n\000s\000i\000t\000i\000v\000i\000t\000y}{section.5}% 51
\BOOKMARK [2][-]{subsection.5.10}{\376\377\000D\000S\000S\000/\000S\000E\000S\000\040\000W\000e\000i\000g\000h\000t\000\040\000S\000e\000n\000s\000i\000t\000i\000v\000i\000t\000y}{section.5}% 52
\BOOKMARK [2][-]{subsection.5.11}{\376\377\000B\000a\000s\000e\000l\000i\000n\000e\000\040\000C\000o\000m\000p\000a\000r\000i\000s\000o\000n\000:\000\040\000L\000i\000n\000e\000a\000r\000\040\000v\000s\000.\000\040\000N\000o\000n\000l\000i\000n\000e\000a\000r\000\040\000M\000o\000d\000e\000l\000s}{section.5}% 53
\BOOKMARK [1][-]{section.6}{\376\377\000D\000i\000s\000c\000u\000s\000s\000i\000o\000n}{}% 54
\BOOKMARK [2][-]{subsection.6.1}{\376\377\000T\000h\000e\000\040\000A\000t\000t\000r\000i\000t\000i\000o\000n\000a\000l\000\040\000I\000c\000e\000b\000e\000r\000g}{section.6}% 55
\BOOKMARK [2][-]{subsection.6.2}{\376\377\000W\000h\000e\000n\000\040\000D\000e\000c\000i\000s\000i\000v\000e\000\040\000B\000a\000t\000t\000l\000e\000s\000\040\000M\000a\000t\000t\000e\000r}{section.6}% 56
\BOOKMARK [2][-]{subsection.6.3}{\376\377\000T\000e\000r\000m\000i\000n\000a\000t\000i\000o\000n\000\040\000E\000v\000e\000n\000t\000s\000\040\000A\000r\000e\000\040\000N\000o\000t\000\040\000E\000q\000u\000i\000v\000a\000l\000e\000n\000t\000\040\000t\000o\000\040\000S\000t\000r\000a\000t\000e\000g\000i\000c\000\040\000C\000a\000u\000s\000e\000s}{section.6}% 57
\BOOKMARK [2][-]{subsection.6.4}{\376\377\000I\000m\000p\000l\000i\000c\000a\000t\000i\000o\000n\000s\000\040\000f\000o\000r\000\040\000M\000i\000l\000i\000t\000a\000r\000y\000\040\000S\000t\000r\000a\000t\000e\000g\000y}{section.6}% 58
\BOOKMARK [2][-]{subsection.6.5}{\376\377\000C\000o\000m\000p\000a\000r\000i\000s\000o\000n\000\040\000w\000i\000t\000h\000\040\000E\000x\000i\000s\000t\000i\000n\000g\000\040\000L\000i\000t\000e\000r\000a\000t\000u\000r\000e}{section.6}% 59
\BOOKMARK [2][-]{subsection.6.6}{\376\377\000T\000h\000e\000\040\000I\000n\000t\000e\000r\000e\000s\000t\000i\000n\000g\000\040\000Q\000u\000e\000s\000t\000i\000o\000n}{section.6}% 60
\BOOKMARK [2][-]{subsection.6.7}{\376\377\000M\000o\000d\000e\000l\000\040\000B\000o\000u\000n\000d\000a\000r\000i\000e\000s\000\040\000a\000n\000d\000\040\000K\000n\000o\000w\000n\000\040\000L\000i\000m\000i\000t\000a\000t\000i\000o\000n\000s}{section.6}% 61
\BOOKMARK [3][-]{subsubsection.6.7.1}{\376\377\000O\000u\000t\000c\000o\000m\000e\000\040\000I\000n\000f\000o\000r\000m\000a\000t\000i\000o\000n\000\040\000D\000e\000l\000t\000a}{subsection.6.7}% 62
\BOOKMARK [3][-]{subsubsection.6.7.2}{\376\377\000C\000o\000m\000p\000l\000e\000x\000i\000t\000y\000\040\000a\000n\000d\000\040\000O\000m\000i\000t\000t\000e\000d\000\040\000V\000a\000r\000i\000a\000b\000l\000e\000s}{subsection.6.7}% 63
\BOOKMARK [3][-]{subsubsection.6.7.3}{\376\377\000P\000a\000r\000a\000m\000e\000t\000e\000r\000\040\000U\000n\000c\000e\000r\000t\000a\000i\000n\000t\000y}{subsection.6.7}% 64
\BOOKMARK [3][-]{subsubsection.6.7.4}{\376\377\000D\000a\000t\000a\000s\000e\000t\000\040\000B\000i\000a\000s}{subsection.6.7}% 65
\BOOKMARK [3][-]{subsubsection.6.7.5}{\376\377\000P\000r\000e\000d\000i\000c\000t\000i\000o\000n\000\040\000L\000i\000m\000i\000t\000s}{subsection.6.7}% 66
\BOOKMARK [1][-]{section.7}{\376\377\000F\000a\000l\000s\000i\000f\000i\000c\000a\000t\000i\000o\000n\000\040\000C\000r\000i\000t\000e\000r\000i\000a}{}% 67
\BOOKMARK [2][-]{subsection.7.1}{\376\377\000E\000v\000a\000l\000u\000a\000t\000i\000o\000n\000\040\000S\000t\000a\000t\000u\000s\000\040\000o\000f\000\040\000F\000a\000l\000s\000i\000f\000i\000c\000a\000t\000i\000o\000n\000\040\000C\000r\000i\000t\000e\000r\000i\000a}{section.7}% 68
\BOOKMARK [1][-]{section.8}{\376\377\000L\000i\000m\000i\000t\000a\000t\000i\000o\000n\000s}{}% 69
\BOOKMARK [2][-]{subsection.8.1}{\376\377\000C\000i\000r\000c\000u\000l\000a\000r\000i\000t\000y\000\040\000R\000i\000s\000k\000\040\000i\000n\000\040\000S\000i\000m\000u\000l\000a\000t\000i\000o\000n\000\040\000D\000S\000S\000/\000S\000E\000S}{section.8}% 70
\BOOKMARK [2][-]{subsection.8.2}{\376\377\000P\000a\000r\000a\000m\000e\000t\000e\000r\000\040\000S\000e\000n\000s\000i\000t\000i\000v\000i\000t\000y\000\040\000C\000o\000n\000c\000e\000r\000n\000s}{section.8}% 71
\BOOKMARK [2][-]{subsection.8.3}{\376\377\000L\000i\000m\000i\000t\000e\000d\000\040\000V\000a\000l\000i\000d\000a\000t\000i\000o\000n\000\040\000D\000a\000t\000a\000s\000e\000t}{section.8}% 72
\BOOKMARK [2][-]{subsection.8.4}{\376\377\000D\000a\000t\000a\000\040\000Q\000u\000a\000l\000i\000t\000y\000\040\000a\000n\000d\000\040\000C\000o\000v\000e\000r\000a\000g\000e}{section.8}% 73
\BOOKMARK [2][-]{subsection.8.5}{\376\377\000S\000u\000b\000j\000e\000c\000t\000i\000v\000i\000t\000y\000\040\000i\000n\000\040\000C\000l\000a\000s\000s\000i\000f\000i\000c\000a\000t\000i\000o\000n}{section.8}% 74
\BOOKMARK [2][-]{subsection.8.6}{\376\377\000M\000o\000d\000e\000l\000\040\000S\000i\000m\000p\000l\000i\000f\000i\000c\000a\000t\000i\000o\000n\000s}{section.8}% 75
\BOOKMARK [2][-]{subsection.8.7}{\376\377\000M\000u\000l\000t\000i\000p\000l\000e\000\040\000M\000e\000c\000h\000a\000n\000i\000s\000m\000s\000\040\000p\000e\000r\000\040\000W\000a\000r}{section.8}% 76
\BOOKMARK [2][-]{subsection.8.8}{\376\377\000M\000o\000d\000e\000l\000\040\000D\000e\000v\000e\000l\000o\000p\000m\000e\000n\000t\000\040\000a\000n\000d\000\040\000C\000l\000a\000s\000s\000i\000f\000i\000c\000a\000t\000i\000o\000n\000\040\000B\000i\000a\000s}{section.8}% 77
\BOOKMARK [1][-]{section.9}{\376\377\000C\000o\000n\000c\000l\000u\000s\000i\000o\000n}{}% 78
\BOOKMARK [1][-]{appendix.A}{\376\377\000H\000i\000s\000t\000o\000r\000i\000c\000a\000l\000\040\000C\000a\000s\000e\000\040\000I\000n\000v\000e\000n\000t\000o\000r\000y}{}% 79
\BOOKMARK [1][-]{appendix.B}{\376\377\000S\000i\000m\000u\000l\000a\000t\000i\000o\000n\000\040\000P\000a\000r\000a\000m\000e\000t\000e\000r\000\040\000J\000u\000s\000t\000i\000f\000i\000c\000a\000t\000i\000o\000n}{}% 80
\BOOKMARK [1][-]{appendix.C}{\376\377\000D\000S\000S\000\040\000a\000n\000d\000\040\000S\000E\000S\000\040\000N\000o\000r\000m\000a\000l\000i\000z\000a\000t\000i\000o\000n\000\040\000F\000o\000r\000m\000u\000l\000a\000s}{}% 81
\BOOKMARK [1][-]{appendix.D}{\376\377\000B\000l\000i\000n\000d\000\040\000V\000a\000l\000i\000d\000a\000t\000i\000o\000n}{}% 82
\BOOKMARK [1][-]{appendix.E}{\376\377\000M\000L\000\040\000M\000o\000d\000e\000l\000\040\000V\000a\000l\000i\000d\000a\000t\000i\000o\000n}{}% 83
\BOOKMARK [1][-]{appendix.F}{\376\377\000M\000i\000s\000s\000i\000n\000g\000\040\000D\000a\000t\000a\000\040\000S\000e\000v\000e\000r\000i\000t\000y}{}% 84
\BOOKMARK [1][-]{appendix.G}{\376\377\000N\000o\000i\000s\000e\000\040\000S\000e\000n\000s\000i\000t\000i\000v\000i\000t\000y}{}% 85
\BOOKMARK [1][-]{appendix.H}{\376\377\000S\000t\000a\000t\000i\000s\000t\000i\000c\000a\000l\000\040\000M\000o\000d\000e\000l\000\040\000A\000u\000d\000i\000t}{}% 86
\BOOKMARK [1][-]{appendix.I}{\376\377\000E\000m\000p\000i\000r\000i\000c\000a\000l\000\040\000v\000s\000.\000\040\000S\000i\000m\000u\000l\000a\000t\000i\000o\000n\000\040\000T\000r\000a\000c\000e\000a\000b\000i\000l\000i\000t\000y}{}% 87
